[1123/213236.293:INFO:CONSOLE(0)] "Error with Permissions-Policy header: Feature xr-spatial-tracking's parameters are ignored.", source:  (0)
[1123/213236.294:INFO:CONSOLE(0)] "Error with Permissions-Policy header: Origin trial controlled feature not enabled: 'attribution-reporting'.", source:  (0)
[1123/213236.294:INFO:CONSOLE(0)] "Error with Permissions-Policy header: Unrecognized feature: 'compute-pressure'.", source:  (0)
[1123/213236.294:INFO:CONSOLE(0)] "Error with Permissions-Policy header: Origin trial controlled feature not enabled: 'interest-cohort'.", source:  (0)
[1123/213236.294:INFO:CONSOLE(0)] "Error with Permissions-Policy header: Unrecognized feature: 'private-state-token-issuance'.", source:  (0)
[1123/213236.295:INFO:CONSOLE(0)] "Error with Permissions-Policy header: Origin trial controlled feature not enabled: 'shared-storage'.", source:  (0)
[1123/213236.295:INFO:CONSOLE(0)] "Error with Permissions-Policy header: Unrecognized feature: 'shared-storage-select-url'.", source:  (0)
[1123/213236.295:INFO:CONSOLE(0)] "Error with Permissions-Policy header: Unrecognized feature: 'private-state-token-redemption'.", source:  (0)
[1123/213236.295:INFO:CONSOLE(0)] "Error with Permissions-Policy header: Unrecognized feature: 'unload'.", source:  (0)
[1123/213236.295:INFO:CONSOLE(0)] "Error with Permissions-Policy header: Unrecognized feature: 'window-management'.", source:  (0)
[1123/213236.296:INFO:CONSOLE(0)] "Document-Policy HTTP header: Unrecognized document policy feature name include-js-call-stacks-in-crash-reports.", source: https://web.whatsapp.com/ (0)
[1123/213242.521:INFO:CONSOLE(113)] "Event handler of 'x-storagemutated-1' event must be added on the initial evaluation of worker script.", source: https://static.whatsapp.net/rsrc.php/v4/yY/r/QRxlo6RWaHe.js (113)
[1123/213316.374:INFO:CONSOLE(113)] "Event handler of 'x-storagemutated-1' event must be added on the initial evaluation of worker script.", source: https://static.whatsapp.net/rsrc.php/v4/yY/r/QRxlo6RWaHe.js (113)
[1123/213337.897:INFO:CONSOLE(77)] "ErrorUtils caught an error:

handleProgressiveHistorySyncMsgs: error storing/processing multiple messages

Subsequent non-fatal errors won't be logged; see https://fburl.com/debugjs. [object Object]", source: https://static.whatsapp.net/rsrc.php/v4/yu/r/4wLJsIo9jix.js (77)
[1123/213339.591:INFO:CONSOLE(0)] "Error with Permissions-Policy header: Feature xr-spatial-tracking's parameters are ignored.", source:  (0)
[1123/213339.591:INFO:CONSOLE(0)] "Error with Permissions-Policy header: Origin trial controlled feature not enabled: 'attribution-reporting'.", source:  (0)
[1123/213339.591:INFO:CONSOLE(0)] "Error with Permissions-Policy header: Unrecognized feature: 'compute-pressure'.", source:  (0)
[1123/213339.591:INFO:CONSOLE(0)] "Error with Permissions-Policy header: Origin trial controlled feature not enabled: 'interest-cohort'.", source:  (0)
[1123/213339.591:INFO:CONSOLE(0)] "Error with Permissions-Policy header: Unrecognized feature: 'private-state-token-issuance'.", source:  (0)
[1123/213339.591:INFO:CONSOLE(0)] "Error with Permissions-Policy header: Origin trial controlled feature not enabled: 'shared-storage'.", source:  (0)
[1123/213339.592:INFO:CONSOLE(0)] "Error with Permissions-Policy header: Unrecognized feature: 'shared-storage-select-url'.", source:  (0)
[1123/213339.592:INFO:CONSOLE(0)] "Error with Permissions-Policy header: Unrecognized feature: 'private-state-token-redemption'.", source:  (0)
[1123/213339.592:INFO:CONSOLE(0)] "Error with Permissions-Policy header: Unrecognized feature: 'unload'.", source:  (0)
[1123/213339.592:INFO:CONSOLE(0)] "Error with Permissions-Policy header: Unrecognized feature: 'window-management'.", source:  (0)
[1123/213339.593:INFO:CONSOLE(0)] "Document-Policy HTTP header: Unrecognized document policy feature name include-js-call-stacks-in-crash-reports.", source: https://web.whatsapp.com/?post_logout=1 (0)
[1123/213340.653:ERROR:entry_impl.cc(1072)] No file for 8000000b
[1123/213340.654:ERROR:entry_impl.cc(1072)] No file for 8000000d
[1123/213340.655:ERROR:entry_impl.cc(1072)] No file for 8000000e
[1123/213340.655:ERROR:entry_impl.cc(1072)] No file for 8000000f
[1123/213340.656:ERROR:entry_impl.cc(1072)] No file for 80000011
[1123/213340.656:ERROR:entry_impl.cc(1072)] No file for 80000012
[1123/213340.656:ERROR:entry_impl.cc(1072)] No file for 80000013
[1123/213340.766:ERROR:entry_impl.cc(1072)] No file for 80000014
[1123/213340.902:INFO:CONSOLE(77)] "ErrorUtils caught an error:

[sw] sw-update-failed: AbortError: Failed to update a ServiceWorker for scope ('https://web.whatsapp.com/') with script ('https://web.whatsapp.com/sw.js'): Failed to access storage.

Subsequent non-fatal errors won't be logged; see https://fburl.com/debugjs. [object Object]", source: https://static.whatsapp.net/rsrc.php/v4/yu/r/4wLJsIo9jix.js (77)
[1123/213341.041:INFO:CONSOLE(0)] "Error with Permissions-Policy header: Feature xr-spatial-tracking's parameters are ignored.", source:  (0)
[1123/213341.042:INFO:CONSOLE(0)] "Error with Permissions-Policy header: Origin trial controlled feature not enabled: 'attribution-reporting'.", source:  (0)
[1123/213341.042:INFO:CONSOLE(0)] "Error with Permissions-Policy header: Unrecognized feature: 'compute-pressure'.", source:  (0)
[1123/213341.042:INFO:CONSOLE(0)] "Error with Permissions-Policy header: Origin trial controlled feature not enabled: 'interest-cohort'.", source:  (0)
[1123/213341.042:INFO:CONSOLE(0)] "Error with Permissions-Policy header: Unrecognized feature: 'private-state-token-issuance'.", source:  (0)
[1123/213341.042:INFO:CONSOLE(0)] "Error with Permissions-Policy header: Origin trial controlled feature not enabled: 'shared-storage'.", source:  (0)
[1123/213341.042:INFO:CONSOLE(0)] "Error with Permissions-Policy header: Unrecognized feature: 'shared-storage-select-url'.", source:  (0)
[1123/213341.042:INFO:CONSOLE(0)] "Error with Permissions-Policy header: Unrecognized feature: 'private-state-token-redemption'.", source:  (0)
[1123/213341.042:INFO:CONSOLE(0)] "Error with Permissions-Policy header: Unrecognized feature: 'unload'.", source:  (0)
[1123/213341.042:INFO:CONSOLE(0)] "Error with Permissions-Policy header: Unrecognized feature: 'window-management'.", source:  (0)
[1123/213341.043:INFO:CONSOLE(0)] "Document-Policy HTTP header: Unrecognized document policy feature name include-js-call-stacks-in-crash-reports.", source: https://web.whatsapp.com/?post_logout=1 (0)
[1123/213341.067:ERROR:entry_impl.cc(1072)] No file for 80000007
[1123/213341.068:ERROR:entry_impl.cc(1072)] No file for 80000003
[1123/213341.068:ERROR:entry_impl.cc(1072)] No file for 80000004
[1123/213341.069:ERROR:entry_impl.cc(1072)] No file for 80000001
[1123/213341.074:ERROR:entry_impl.cc(1072)] No file for 80000002
[1123/213341.075:ERROR:entry_impl.cc(1072)] No file for 8000000a
[1123/213341.077:ERROR:entry_impl.cc(1072)] No file for 80000005
[1123/213341.077:ERROR:entry_impl.cc(1072)] No file for 80000008
[1123/213341.079:ERROR:entry_impl.cc(1072)] No file for 80000006
[1123/213341.081:ERROR:entry_impl.cc(1072)] No file for 80000009
